32
-1.4
0.4
3.8
4.2
2.8
2.6
0.6
2.2
0.2
0.2
-1.2
0
1.4
4.8
0.4
-0.4
